// Jest Snapshot v1, https://goo.gl/fbAQLP

exports[`Pruebas en <Giftitem.jsx> Debe de verificar el Snapshot 1`] = `
<div>
  <div
    class="card"
  >
    <img
      alt="one punch man"
      src="https://one-punch-man.com/saitama.com"
    />
    <br />
    <p>
      one punch man
    </p>
  </div>
</div>
`;
